CCS PCB C Compiler, Version 5.007, 61971               13-Oca-24 18:40

               Filename:   C:\Users\Antares\Documents\GitHub\pic-projects\pic12f510\input\main.lst

               ROM used:   59 words (6%)
                           Largest free fragment is 512
               RAM used:   6 (27%) at main() level
                           7 (32%) worst case
               Stack used: 0 locations
               Stack size: 2

*
0000:  MOVWF  05
0001:  GOTO   015
0002:  GOTO   003
.................... #include <main.h> 
.................... #include <12F510.h> 
.................... //////// Standard Header file for the PIC12F510 device //////////////// 
.................... #device PIC12F510 
....................  
.................... #list 
....................  
.................... #device ADC=16 
....................  
.................... #FUSES NOWDT                 	//No Watch Dog Timer 
....................  
.................... #use delay(internal=8MHz) 
0003:  MOVF   10,W
0004:  BTFSC  03.2
0005:  GOTO   013
0006:  MOVLW  02
0007:  MOVWF  0B
0008:  CLRF   0A
0009:  DECFSZ 0A,F
000A:  GOTO   009
000B:  DECFSZ 0B,F
000C:  GOTO   008
000D:  MOVLW  97
000E:  MOVWF  0A
000F:  DECFSZ 0A,F
0010:  GOTO   00F
0011:  DECFSZ 10,F
0012:  GOTO   006
0013:  BCF    03.5
0014:  GOTO   03C (RETURN)
....................  
....................  
....................  
.................... void main() 
0015:  MOVLW  FF
0016:  MOVWF  0E
0017:  BCF    08.6
0018:  BCF    08.7
.................... { 
....................    setup_adc_ports(ADC_OFF); 
0019:  BCF    08.6
001A:  BCF    08.7
....................    setup_comparator(NC_NC_NC_NC); 
001B:  MOVLW  27
001C:  MOVWF  07
001D:  MOVF   00,W
001E:  MOVWF  00
001F:  MOVLW  06
0020:  MOVWF  0A
0021:  DECFSZ 0A,F
0022:  GOTO   021
0023:  NOP
0024:  MOVF   07,W
....................    int bState;    
....................    while(1){ 
....................       if(input(PIN_B4) == 0) {  
0025:  BSF    0E.4
0026:  MOVF   0E,W
0027:  TRIS   6
0028:  BTFSC  06.4
0029:  GOTO   03C
....................          output_high(PIN_B5); 
002A:  BCF    0E.5
002B:  MOVF   0E,W
002C:  TRIS   6
002D:  BSF    06.5
....................          bState += 1; 
002E:  MOVLW  01
002F:  ADDWF  0F,F
....................          if(bState % 2 == 0){ 
0030:  MOVF   0F,W
0031:  ANDLW  01
0032:  BTFSS  03.2
0033:  GOTO   039
....................             output_low(PIN_B5); 
0034:  BCF    0E.5
0035:  MOVF   0E,W
0036:  TRIS   6
0037:  BCF    06.5
....................             bState = 0; 
0038:  CLRF   0F
....................          } 
....................       delay_ms(100); 
0039:  MOVLW  64
003A:  MOVWF  10
003B:  GOTO   002
....................       } 
003C:  GOTO   025
....................    } 
.................... } 
003D:  SLEEP

Configuration Fuses:
   Word  1: 0FFA   INTRC NOWDT NOPROTECT MCLR IOSC8
